SET timescaledb.disable_optimizations= 'off';
\set PREFIX 'EXPLAIN (costs off) '
\ir include/plan_hashagg_load.sql
CREATE TABLE hyper(time TIMESTAMP, time_int BIGINT, time_broken DATE, metricid BIGINT, VALUE double precision);
SELECT create_hypertable('hyper', 'time', chunk_time_interval => interval '20 day', create_default_indexes=>FALSE);
psql:include/plan_hashagg_load.sql:3: NOTICE:  adding NOT NULL constraint to column "time"
 create_hypertable 
-------------------
 
(1 row)

ALTER TABLE hyper
DROP COLUMN time_broken,
ADD COLUMN time_date DATE;
INSERT INTO hyper SELECT t,  EXTRACT(EPOCH FROM t), random() * 10, 1.0, t::date FROM generate_series('2001-01-01', '2001-01-10', INTERVAL '1 second') t;
--test some queries before analyze;
EXPLAIN (costs off) SELECT time_bucket('1 minute', time) AS MetricMinuteTs, AVG(value) as avg
FROM hyper
WHERE time >= '2001-01-04T00:00:00' AND time <= '2001-01-05T01:00:00'
GROUP BY MetricMinuteTs
ORDER BY MetricMinuteTs DESC;
                                                                                   QUERY PLAN                                                                                    
---------------------------------------------------------------------------------------------------------------------------------------------------------------------------------
 Sort
   Sort Key: (time_bucket('@ 1 min'::interval, hyper."time")) DESC
   ->  HashAggregate
         Group Key: time_bucket('@ 1 min'::interval, hyper."time")
         ->  Result
               ->  Append
                     ->  Seq Scan on hyper
                           Filter: (("time" >= 'Thu Jan 04 00:00:00 2001'::timestamp without time zone) AND ("time" <= 'Fri Jan 05 01:00:00 2001'::timestamp without time zone))
                     ->  Seq Scan on _hyper_1_1_chunk
                           Filter: (("time" >= 'Thu Jan 04 00:00:00 2001'::timestamp without time zone) AND ("time" <= 'Fri Jan 05 01:00:00 2001'::timestamp without time zone))
(10 rows)

EXPLAIN (costs off) SELECT date_trunc('minute', time) AS MetricMinuteTs, AVG(value) as avg
FROM hyper
WHERE time >= '2001-01-04T00:00:00' AND time <= '2001-01-05T01:00:00'
GROUP BY MetricMinuteTs
ORDER BY MetricMinuteTs DESC;
                                                                                   QUERY PLAN                                                                                    
---------------------------------------------------------------------------------------------------------------------------------------------------------------------------------
 Sort
   Sort Key: (date_trunc('minute'::text, hyper."time")) DESC
   ->  HashAggregate
         Group Key: date_trunc('minute'::text, hyper."time")
         ->  Result
               ->  Append
                     ->  Seq Scan on hyper
                           Filter: (("time" >= 'Thu Jan 04 00:00:00 2001'::timestamp without time zone) AND ("time" <= 'Fri Jan 05 01:00:00 2001'::timestamp without time zone))
                     ->  Seq Scan on _hyper_1_1_chunk
                           Filter: (("time" >= 'Thu Jan 04 00:00:00 2001'::timestamp without time zone) AND ("time" <= 'Fri Jan 05 01:00:00 2001'::timestamp without time zone))
(10 rows)

SET client_min_messages = 'error';
ANALYZE;
RESET client_min_messages;
\ir include/plan_hashagg_query.sql
:PREFIX SELECT time_bucket('1 minute', time) AS MetricMinuteTs, AVG(value) as avg
FROM hyper
WHERE time >= '2001-01-04T00:00:00' AND time <= '2001-01-05T01:00:00'
GROUP BY MetricMinuteTs
ORDER BY MetricMinuteTs DESC;
                                                                                   QUERY PLAN                                                                                    
---------------------------------------------------------------------------------------------------------------------------------------------------------------------------------
 Sort
   Sort Key: (time_bucket('@ 1 min'::interval, hyper."time")) DESC
   ->  HashAggregate
         Group Key: time_bucket('@ 1 min'::interval, hyper."time")
         ->  Result
               ->  Append
                     ->  Seq Scan on hyper
                           Filter: (("time" >= 'Thu Jan 04 00:00:00 2001'::timestamp without time zone) AND ("time" <= 'Fri Jan 05 01:00:00 2001'::timestamp without time zone))
                     ->  Seq Scan on _hyper_1_1_chunk
                           Filter: (("time" >= 'Thu Jan 04 00:00:00 2001'::timestamp without time zone) AND ("time" <= 'Fri Jan 05 01:00:00 2001'::timestamp without time zone))
(10 rows)

:PREFIX SELECT time_bucket('1 hour', time) AS MetricMinuteTs, metricid, AVG(value) as avg
FROM hyper
WHERE time >= '2001-01-04T00:00:00' AND time <= '2001-01-05T01:00:00'
GROUP BY MetricMinuteTs, metricid
ORDER BY MetricMinuteTs DESC, metricid;
                                                                                   QUERY PLAN                                                                                    
---------------------------------------------------------------------------------------------------------------------------------------------------------------------------------
 Sort
   Sort Key: (time_bucket('@ 1 hour'::interval, hyper."time")) DESC, hyper.metricid
   ->  HashAggregate
         Group Key: time_bucket('@ 1 hour'::interval, hyper."time"), hyper.metricid
         ->  Result
               ->  Append
                     ->  Seq Scan on hyper
                           Filter: (("time" >= 'Thu Jan 04 00:00:00 2001'::timestamp without time zone) AND ("time" <= 'Fri Jan 05 01:00:00 2001'::timestamp without time zone))
                     ->  Seq Scan on _hyper_1_1_chunk
                           Filter: (("time" >= 'Thu Jan 04 00:00:00 2001'::timestamp without time zone) AND ("time" <= 'Fri Jan 05 01:00:00 2001'::timestamp without time zone))
(10 rows)

--should be too many groups will not hashaggregate
:PREFIX SELECT time_bucket('1 second', time) AS MetricMinuteTs, metricid, AVG(value) as avg
FROM hyper
WHERE time >= '2001-01-04T00:00:00' AND time <= '2001-01-05T01:00:00'
GROUP BY MetricMinuteTs, metricid
ORDER BY MetricMinuteTs DESC, metricid;
                                                                                   QUERY PLAN                                                                                    
---------------------------------------------------------------------------------------------------------------------------------------------------------------------------------
 GroupAggregate
   Group Key: (time_bucket('@ 1 sec'::interval, hyper."time")), hyper.metricid
   ->  Sort
         Sort Key: (time_bucket('@ 1 sec'::interval, hyper."time")) DESC, hyper.metricid
         ->  Result
               ->  Append
                     ->  Seq Scan on hyper
                           Filter: (("time" >= 'Thu Jan 04 00:00:00 2001'::timestamp without time zone) AND ("time" <= 'Fri Jan 05 01:00:00 2001'::timestamp without time zone))
                     ->  Seq Scan on _hyper_1_1_chunk
                           Filter: (("time" >= 'Thu Jan 04 00:00:00 2001'::timestamp without time zone) AND ("time" <= 'Fri Jan 05 01:00:00 2001'::timestamp without time zone))
(10 rows)

:PREFIX SELECT time_bucket('1 minute', time, '30 seconds') AS MetricMinuteTs, AVG(value) as avg
FROM hyper
WHERE time >= '2001-01-04T00:00:00' AND time <= '2001-01-05T01:00:00'
GROUP BY MetricMinuteTs
ORDER BY MetricMinuteTs DESC;
                                                                                   QUERY PLAN                                                                                    
---------------------------------------------------------------------------------------------------------------------------------------------------------------------------------
 Sort
   Sort Key: ((time_bucket('@ 1 min'::interval, (hyper."time" - '@ 30 secs'::interval)) + '@ 30 secs'::interval)) DESC
   ->  HashAggregate
         Group Key: (time_bucket('@ 1 min'::interval, (hyper."time" - '@ 30 secs'::interval)) + '@ 30 secs'::interval)
         ->  Result
               ->  Append
                     ->  Seq Scan on hyper
                           Filter: (("time" >= 'Thu Jan 04 00:00:00 2001'::timestamp without time zone) AND ("time" <= 'Fri Jan 05 01:00:00 2001'::timestamp without time zone))
                     ->  Seq Scan on _hyper_1_1_chunk
                           Filter: (("time" >= 'Thu Jan 04 00:00:00 2001'::timestamp without time zone) AND ("time" <= 'Fri Jan 05 01:00:00 2001'::timestamp without time zone))
(10 rows)

:PREFIX SELECT time_bucket(60, time_int) AS MetricMinuteTs, AVG(value) as avg
FROM hyper
WHERE time >= '2001-01-04T00:00:00' AND time <= '2001-01-05T01:00:00'
GROUP BY MetricMinuteTs
ORDER BY MetricMinuteTs DESC;
                                                                                   QUERY PLAN                                                                                    
---------------------------------------------------------------------------------------------------------------------------------------------------------------------------------
 Sort
   Sort Key: (((hyper.time_int / '60'::bigint) * '60'::bigint)) DESC
   ->  HashAggregate
         Group Key: ((hyper.time_int / '60'::bigint) * '60'::bigint)
         ->  Result
               ->  Append
                     ->  Seq Scan on hyper
                           Filter: (("time" >= 'Thu Jan 04 00:00:00 2001'::timestamp without time zone) AND ("time" <= 'Fri Jan 05 01:00:00 2001'::timestamp without time zone))
                     ->  Seq Scan on _hyper_1_1_chunk
                           Filter: (("time" >= 'Thu Jan 04 00:00:00 2001'::timestamp without time zone) AND ("time" <= 'Fri Jan 05 01:00:00 2001'::timestamp without time zone))
(10 rows)

:PREFIX SELECT time_bucket(60, time_int, 10) AS MetricMinuteTs, AVG(value) as avg
FROM hyper
WHERE time >= '2001-01-04T00:00:00' AND time <= '2001-01-05T01:00:00'
GROUP BY MetricMinuteTs
ORDER BY MetricMinuteTs DESC;
                                                                                   QUERY PLAN                                                                                    
---------------------------------------------------------------------------------------------------------------------------------------------------------------------------------
 Sort
   Sort Key: (((((hyper.time_int - '10'::bigint) / '60'::bigint) * '60'::bigint) + '10'::bigint)) DESC
   ->  HashAggregate
         Group Key: ((((hyper.time_int - '10'::bigint) / '60'::bigint) * '60'::bigint) + '10'::bigint)
         ->  Result
               ->  Append
                     ->  Seq Scan on hyper
                           Filter: (("time" >= 'Thu Jan 04 00:00:00 2001'::timestamp without time zone) AND ("time" <= 'Fri Jan 05 01:00:00 2001'::timestamp without time zone))
                     ->  Seq Scan on _hyper_1_1_chunk
                           Filter: (("time" >= 'Thu Jan 04 00:00:00 2001'::timestamp without time zone) AND ("time" <= 'Fri Jan 05 01:00:00 2001'::timestamp without time zone))
(10 rows)

:PREFIX SELECT time_bucket('1 day', time_date) AS MetricMinuteTs, AVG(value) as avg
FROM hyper
WHERE time >= '2001-01-04T00:00:00' AND time <= '2001-01-05T01:00:00'
GROUP BY MetricMinuteTs
ORDER BY MetricMinuteTs DESC;
                                                                                   QUERY PLAN                                                                                    
---------------------------------------------------------------------------------------------------------------------------------------------------------------------------------
 Sort
   Sort Key: (time_bucket('@ 1 day'::interval, hyper.time_date)) DESC
   ->  HashAggregate
         Group Key: time_bucket('@ 1 day'::interval, hyper.time_date)
         ->  Result
               ->  Append
                     ->  Seq Scan on hyper
                           Filter: (("time" >= 'Thu Jan 04 00:00:00 2001'::timestamp without time zone) AND ("time" <= 'Fri Jan 05 01:00:00 2001'::timestamp without time zone))
                     ->  Seq Scan on _hyper_1_1_chunk
                           Filter: (("time" >= 'Thu Jan 04 00:00:00 2001'::timestamp without time zone) AND ("time" <= 'Fri Jan 05 01:00:00 2001'::timestamp without time zone))
(10 rows)

:PREFIX SELECT date_trunc('minute', time) AS MetricMinuteTs, AVG(value) as avg
FROM hyper
WHERE time >= '2001-01-04T00:00:00' AND time <= '2001-01-05T01:00:00'
GROUP BY MetricMinuteTs
ORDER BY MetricMinuteTs DESC;
                                                                                   QUERY PLAN                                                                                    
---------------------------------------------------------------------------------------------------------------------------------------------------------------------------------
 Sort
   Sort Key: (date_trunc('minute'::text, hyper."time")) DESC
   ->  HashAggregate
         Group Key: date_trunc('minute'::text, hyper."time")
         ->  Result
               ->  Append
                     ->  Seq Scan on hyper
                           Filter: (("time" >= 'Thu Jan 04 00:00:00 2001'::timestamp without time zone) AND ("time" <= 'Fri Jan 05 01:00:00 2001'::timestamp without time zone))
                     ->  Seq Scan on _hyper_1_1_chunk
                           Filter: (("time" >= 'Thu Jan 04 00:00:00 2001'::timestamp without time zone) AND ("time" <= 'Fri Jan 05 01:00:00 2001'::timestamp without time zone))
(10 rows)

\set ON_ERROR_STOP 0
--can't optimize invalid time unit
:PREFIX SELECT date_trunc('invalid', time) AS MetricMinuteTs, AVG(value) as avg
FROM hyper
WHERE time >= '2001-01-04T00:00:00' AND time <= '2001-01-05T01:00:00'
GROUP BY MetricMinuteTs
ORDER BY MetricMinuteTs DESC;
                                                                                   QUERY PLAN                                                                                    
---------------------------------------------------------------------------------------------------------------------------------------------------------------------------------
 GroupAggregate
   Group Key: (date_trunc('invalid'::text, hyper."time"))
   ->  Sort
         Sort Key: (date_trunc('invalid'::text, hyper."time")) DESC
         ->  Result
               ->  Append
                     ->  Seq Scan on hyper
                           Filter: (("time" >= 'Thu Jan 04 00:00:00 2001'::timestamp without time zone) AND ("time" <= 'Fri Jan 05 01:00:00 2001'::timestamp without time zone))
                     ->  Seq Scan on _hyper_1_1_chunk
                           Filter: (("time" >= 'Thu Jan 04 00:00:00 2001'::timestamp without time zone) AND ("time" <= 'Fri Jan 05 01:00:00 2001'::timestamp without time zone))
(10 rows)

\set ON_ERROR_STOP 1
:PREFIX SELECT date_trunc('day', time_date) AS MetricMinuteTs, AVG(value) as avg
FROM hyper
WHERE time >= '2001-01-04T00:00:00' AND time <= '2001-01-05T01:00:00'
GROUP BY MetricMinuteTs
ORDER BY MetricMinuteTs DESC;
                                                                                   QUERY PLAN                                                                                    
---------------------------------------------------------------------------------------------------------------------------------------------------------------------------------
 Sort
   Sort Key: (date_trunc('day'::text, (hyper.time_date)::timestamp with time zone)) DESC
   ->  HashAggregate
         Group Key: date_trunc('day'::text, (hyper.time_date)::timestamp with time zone)
         ->  Result
               ->  Append
                     ->  Seq Scan on hyper
                           Filter: (("time" >= 'Thu Jan 04 00:00:00 2001'::timestamp without time zone) AND ("time" <= 'Fri Jan 05 01:00:00 2001'::timestamp without time zone))
                     ->  Seq Scan on _hyper_1_1_chunk
                           Filter: (("time" >= 'Thu Jan 04 00:00:00 2001'::timestamp without time zone) AND ("time" <= 'Fri Jan 05 01:00:00 2001'::timestamp without time zone))
(10 rows)

